Change Dir: 'C:/src/vcpkg/buildtrees/jsoncpp/x64-windows-rel'

Run Build Command(s): C:\src\vcpkg\downloads\tools\ninja-1.13.2-windows\ninja.exe -v -v -j9 install
[1/5] "C:\Program Files\Microsoft Visual Studio\2022\Community\VC\Tools\MSVC\14.44.35207\bin\Hostx64\x64\cl.exe"   /TP -DJSON_DLL_BUILD -Djsoncpp_lib_EXPORTS -IC:\src\vcpkg\buildtrees\jsoncpp\src\1.9.6-29ceffc35f.clean\include -IC:\src\vcpkg\buildtrees\jsoncpp\src\1.9.6-29ceffc35f.clean\src\lib_json\..\..\include /nologo /DWIN32 /D_WINDOWS /utf-8 /GR /EHsc /MP  /MD /O2 /Oi /Gy /DNDEBUG /Z7  -MD /showIncludes /Fosrc\lib_json\CMakeFiles\jsoncpp_lib.dir\json_value.cpp.obj /Fdsrc\lib_json\CMakeFiles\jsoncpp_lib.dir\ /FS -c C:\src\vcpkg\buildtrees\jsoncpp\src\1.9.6-29ceffc35f.clean\src\lib_json\json_value.cpp
[2/5] "C:\Program Files\Microsoft Visual Studio\2022\Community\VC\Tools\MSVC\14.44.35207\bin\Hostx64\x64\cl.exe"   /TP -DJSON_DLL_BUILD -Djsoncpp_lib_EXPORTS -IC:\src\vcpkg\buildtrees\jsoncpp\src\1.9.6-29ceffc35f.clean\include -IC:\src\vcpkg\buildtrees\jsoncpp\src\1.9.6-29ceffc35f.clean\src\lib_json\..\..\include /nologo /DWIN32 /D_WINDOWS /utf-8 /GR /EHsc /MP  /MD /O2 /Oi /Gy /DNDEBUG /Z7  -MD /showIncludes /Fosrc\lib_json\CMakeFiles\jsoncpp_lib.dir\json_writer.cpp.obj /Fdsrc\lib_json\CMakeFiles\jsoncpp_lib.dir\ /FS -c C:\src\vcpkg\buildtrees\jsoncpp\src\1.9.6-29ceffc35f.clean\src\lib_json\json_writer.cpp
[3/5] "C:\Program Files\Microsoft Visual Studio\2022\Community\VC\Tools\MSVC\14.44.35207\bin\Hostx64\x64\cl.exe"   /TP -DJSON_DLL_BUILD -Djsoncpp_lib_EXPORTS -IC:\src\vcpkg\buildtrees\jsoncpp\src\1.9.6-29ceffc35f.clean\include -IC:\src\vcpkg\buildtrees\jsoncpp\src\1.9.6-29ceffc35f.clean\src\lib_json\..\..\include /nologo /DWIN32 /D_WINDOWS /utf-8 /GR /EHsc /MP  /MD /O2 /Oi /Gy /DNDEBUG /Z7  -MD /showIncludes /Fosrc\lib_json\CMakeFiles\jsoncpp_lib.dir\json_reader.cpp.obj /Fdsrc\lib_json\CMakeFiles\jsoncpp_lib.dir\ /FS -c C:\src\vcpkg\buildtrees\jsoncpp\src\1.9.6-29ceffc35f.clean\src\lib_json\json_reader.cpp
[4/5] C:\WINDOWS\system32\cmd.exe /C "cd . && "C:\Program Files\CMake\bin\cmake.exe" -E vs_link_dll --msvc-ver=1944 --intdir=src\lib_json\CMakeFiles\jsoncpp_lib.dir --rc="C:\Program Files (x86)\Windows Kits\10\bin\10.0.26100.0\x64\rc.exe" --mt="C:\Program Files (x86)\Windows Kits\10\bin\10.0.26100.0\x64\mt.exe" --manifests  -- "C:\Program Files\Microsoft Visual Studio\2022\Community\VC\Tools\MSVC\14.44.35207\bin\Hostx64\x64\link.exe"  src\lib_json\CMakeFiles\jsoncpp_lib.dir\json_reader.cpp.obj src\lib_json\CMakeFiles\jsoncpp_lib.dir\json_value.cpp.obj src\lib_json\CMakeFiles\jsoncpp_lib.dir\json_writer.cpp.obj  /out:bin\jsoncpp.dll /implib:lib\jsoncpp.lib /pdb:bin\jsoncpp.pdb /dll /version:1.9 /machine:x64 /nologo /DEBUG /INCREMENTAL:NO /OPT:REF /OPT:ICF  kernel32.lib user32.lib gdi32.lib winspool.lib shell32.lib ole32.lib oleaut32.lib uuid.lib comdlg32.lib advapi32.lib && cd ."
[4/5] C:\WINDOWS\system32\cmd.exe /C "cd /D C:\src\vcpkg\buildtrees\jsoncpp\x64-windows-rel && "C:\Program Files\CMake\bin\cmake.exe" -P cmake_install.cmake"
-- Install configuration: "Release"
-- Installing: C:/src/vcpkg/packages/jsoncpp_x64-windows/lib/pkgconfig/jsoncpp.pc
-- Installing: C:/src/vcpkg/packages/jsoncpp_x64-windows/lib/cmake/jsoncpp/jsoncpp-targets.cmake
-- Installing: C:/src/vcpkg/packages/jsoncpp_x64-windows/lib/cmake/jsoncpp/jsoncpp-targets-release.cmake
-- Installing: C:/src/vcpkg/packages/jsoncpp_x64-windows/lib/cmake/jsoncpp/jsoncppConfigVersion.cmake
-- Installing: C:/src/vcpkg/packages/jsoncpp_x64-windows/lib/cmake/jsoncpp/jsoncppConfig.cmake
-- Installing: C:/src/vcpkg/packages/jsoncpp_x64-windows/lib/cmake/jsoncpp/jsoncpp-namespaced-targets.cmake
-- Installing: C:/src/vcpkg/packages/jsoncpp_x64-windows/lib/jsoncpp.lib
-- Installing: C:/src/vcpkg/packages/jsoncpp_x64-windows/bin/jsoncpp.dll
-- Installing: C:/src/vcpkg/packages/jsoncpp_x64-windows/include/json/allocator.h
-- Installing: C:/src/vcpkg/packages/jsoncpp_x64-windows/include/json/assertions.h
-- Installing: C:/src/vcpkg/packages/jsoncpp_x64-windows/include/json/config.h
-- Installing: C:/src/vcpkg/packages/jsoncpp_x64-windows/include/json/forwards.h
-- Installing: C:/src/vcpkg/packages/jsoncpp_x64-windows/include/json/json.h
-- Installing: C:/src/vcpkg/packages/jsoncpp_x64-windows/include/json/json_features.h
-- Installing: C:/src/vcpkg/packages/jsoncpp_x64-windows/include/json/reader.h
-- Installing: C:/src/vcpkg/packages/jsoncpp_x64-windows/include/json/value.h
-- Installing: C:/src/vcpkg/packages/jsoncpp_x64-windows/include/json/version.h
-- Installing: C:/src/vcpkg/packages/jsoncpp_x64-windows/include/json/writer.h

