[1/1] "C:/Program Files/CMake/bin/cmake.exe" -E chdir ".." "C:/Program Files/CMake/bin/cmake.exe" "C:/src/vcpkg/scripts/detect_compiler" "-G" "Ninja" "-DCMAKE_BUILD_TYPE=Release" "-DCMAKE_INSTALL_PREFIX=C:/src/vcpkg/packages/detect_compiler_x64-windows-static" "-DVCPKG_COMPILER_CACHE_FILE=C:/src/vcpkg/installed/vcpkg/compiler-file-hash-cache.json" "-DCMAKE_MAKE_PROGRAM=C:\src\vcpkg\downloads\tools\ninja-1.13.2-windows\ninja.exe" "-DBUILD_SHARED_LIBS=OFF" "-DVCPKG_CHAINLOAD_TOOLCHAIN_FILE=C:/src/vcpkg/scripts/toolchains/windows.cmake" "-DVCPKG_TARGET_TRIPLET=x64-windows-static" "-DVCPKG_SET_CHARSET_FLAG=ON" "-DVCPKG_PLATFORM_TOOLSET=v143" "-DCMAKE_EXPORT_NO_PACKAGE_REGISTRY=ON" "-DCMAKE_FIND_PACKAGE_NO_PACKAGE_REGISTRY=ON" "-DCMAKE_FIND_PACKAGE_NO_SYSTEM_PACKAGE_REGISTRY=ON" "-DCMAKE_INSTALL_SYSTEM_RUNTIME_LIBS_SKIP=TRUE" "-DCMAKE_VERBOSE_MAKEFILE=ON" "-DVCPKG_APPLOCAL_DEPS=OFF" "-DCMAKE_TOOLCHAIN_FILE=C:/src/vcpkg/scripts/buildsystems/vcpkg.cmake" "-DCMAKE_ERROR_ON_ABSOLUTE_INSTALL_DESTINATION=ON" "-DVCPKG_CXX_FLAGS=" "-DVCPKG_CXX_FLAGS_RELEASE=" "-DVCPKG_CXX_FLAGS_DEBUG=" "-DVCPKG_C_FLAGS=" "-DVCPKG_C_FLAGS_RELEASE=" "-DVCPKG_C_FLAGS_DEBUG=" "-DVCPKG_CRT_LINKAGE=static" "-DVCPKG_LINKER_FLAGS=" "-DVCPKG_LINKER_FLAGS_RELEASE=" "-DVCPKG_LINKER_FLAGS_DEBUG=" "-DVCPKG_TARGET_ARCHITECTURE=x64" "-DCMAKE_INSTALL_LIBDIR:STRING=lib" "-DCMAKE_INSTALL_BINDIR:STRING=bin" "-D_VCPKG_ROOT_DIR=C:/src/vcpkg" "-DZ_VCPKG_ROOT_DIR=C:/src/vcpkg" "-D_VCPKG_INSTALLED_DIR=C:/src/vcpkg/installed" "-DVCPKG_MANIFEST_INSTALL=OFF"
-- The C compiler identification is MSVC 19.44.35213.0
-- The CXX compiler identification is MSVC 19.44.35213.0
#COMPILER_HASH#fba57f7bbd8178e2972189b6e3b4df4913f6cc67
#COMPILER_C_HASH#ff89972586d4ab227d8b3247a9df66bd3dd90884
#COMPILER_C_VERSION#19.44.35213.0
#COMPILER_C_ID#MSVC
#COMPILER_C_PATH#C:/Program Files/Microsoft Visual Studio/2022/Community/VC/Tools/MSVC/14.44.35207/bin/Hostx64/x64/cl.exe
#COMPILER_CXX_HASH#ff89972586d4ab227d8b3247a9df66bd3dd90884
#COMPILER_CXX_VERSION#19.44.35213.0
#COMPILER_CXX_ID#MSVC
#COMPILER_CXX_PATH#C:/Program Files/Microsoft Visual Studio/2022/Community/VC/Tools/MSVC/14.44.35207/bin/Hostx64/x64/cl.exe
-- Configuring done (0.9s)
-- Generating done (0.1s)
CMake Warning (unused-cli):
  Manually-specified variables were not used by the project:

    BUILD_SHARED_LIBS
    CMAKE_INSTALL_BINDIR
    CMAKE_INSTALL_LIBDIR
    _VCPKG_ROOT_DIR


-- Build files have been written to: C:/src/vcpkg/buildtrees/detect_compiler/x64-windows-static-rel
